0 verbose cli C:\Program Files\nodejs\node.exe C:\Program Files\nodejs\node_modules\npm\bin\npm-cli.js
1 info using npm@11.12.1
2 info using node@v25.9.0
3 silly config load:file:C:\Program Files\nodejs\node_modules\npm\npmrc
4 silly config load:file:S:\OS\Config\npmrc
5 silly config load:file:S:\OS\Tools\npm-global\etc\npmrc
6 verbose title npm list
7 verbose argv "list" "--global" "--depth" "0"
8 verbose logfile logs-max:10 dir:S:\OS\Cache\npm\_logs\2026-08-26T20_36_28_361Z-
9 verbose logfile S:\OS\Cache\npm\_logs\2026-08-26T20_36_28_361Z-debug-0.log
10 warn config includes both --global and --audit, which is currently unsupported.
11 silly packumentCache heap:4496293888 maxSize:1124073472 maxEntrySize:562036736
12 silly logfile done cleaning log files
13 verbose stack Error: ENOENT: no such file or directory, lstat 'S:\OS\Tools'
13 verbose stack     at async lstat (node:internal/fs/promises:1671:18)
13 verbose stack     at async #loadActual (C:\Program Files\nodejs\node_modules\npm\node_modules\@npmcli\arborist\lib\arborist\load-actual.js:99:20)
13 verbose stack     at async LS.initTree (C:\Program Files\nodejs\node_modules\npm\lib\commands\ls.js:211:18)
13 verbose stack     at async LS.exec (C:\Program Files\nodejs\node_modules\npm\lib\commands\ls.js:72:18)
13 verbose stack     at async Npm.exec (C:\Program Files\nodejs\node_modules\npm\lib\npm.js:193:9)
13 verbose stack     at async module.exports (C:\Program Files\nodejs\node_modules\npm\lib\cli\entry.js:67:5)
14 error code ENOENT
15 error syscall lstat
16 error path S:\OS\Tools
17 error errno -4058
18 error enoent ENOENT: no such file or directory, lstat 'S:\OS\Tools'
19 error enoent This is related to npm not being able to find a file.
19 error enoent
20 verbose cwd C:\Windows\System32
21 verbose os Windows_NT 10.0.19045
22 verbose node v25.9.0
23 verbose npm  v11.12.1
24 verbose exit -4058
25 verbose code -4058
26 error A complete log of this run can be found in: S:\OS\Cache\npm\_logs\2026-08-26T20_36_28_361Z-debug-0.log
