2026-08-26 21:17:09 Loaded main app package S:\OS\Obsidian\resources\obsidian.asar
2026-08-26 21:17:09 Checking for update using Github
2026-08-26 21:17:10 Success.
2026-08-26 21:17:10 Latest version is 1.13.7
2026-08-26 21:17:10 Downloading update from https://github.com/obsidianmd/obsidian-releases/releases/download/v1.13.7/obsidian-1.13.7.asar.gz
2026-08-26 21:17:12 Verifying hash & signature. Size= 8773048
2026-08-26 21:17:12 Saving file
2026-08-26 21:17:12 Update complete.
2026-08-26 21:18:32 Loaded updated app package S:\OS\Data\Obsidian\obsidian-1.13.7.asar
2026-08-26 21:19:10 Loaded updated app package S:\OS\Data\Obsidian\obsidian-1.13.7.asar
2026-08-26 21:19:10 Checking for update using Github
2026-08-26 21:19:10 Success.
2026-08-26 21:19:10 Latest version is 1.13.7
2026-08-26 21:19:10 App is up to date.
2026-08-26 21:19:27 Loaded updated app package S:\OS\Data\Obsidian\obsidian-1.13.7.asar
2026-08-26 21:19:27 Checking for update using Github
2026-08-26 21:19:28 Success.
2026-08-26 21:19:28 Latest version is 1.13.7
2026-08-26 21:19:28 App is up to date.
2026-08-26 21:20:39 Loaded updated app package S:\OS\Data\Obsidian\obsidian-1.13.7.asar
2026-08-26 21:20:39 Checking for update using Github
2026-08-26 21:20:39 Success.
2026-08-26 21:20:39 Latest version is 1.13.7
2026-08-26 21:20:39 App is up to date.
2026-08-26 21:30:18 Loaded updated app package S:\OS\Data\Obsidian\obsidian-1.13.7.asar
2026-08-26 21:30:18 Checking for update using Github
2026-08-26 21:30:19 Success.
2026-08-26 21:30:19 Latest version is 1.13.7
2026-08-26 21:30:19 App is up to date.
2026-08-26 21:30:43 Loaded updated app package S:\OS\Data\Obsidian\obsidian-1.13.7.asar
2026-08-26 23:41:44 Loaded updated app package S:\OS\Data\Obsidian\obsidian-1.13.7.asar
2026-08-26 23:41:44 Checking for update using Github
2026-08-26 23:41:44 Success.
2026-08-26 23:41:44 Latest version is 1.13.7
2026-08-26 23:41:44 App is up to date.
2026-08-26 23:43:49 Loaded updated app package S:\OS\Data\Obsidian\obsidian-1.13.7.asar
2026-08-26 23:43:49 Checking for update using Github
2026-08-26 23:43:49 Success.
2026-08-26 23:43:49 Latest version is 1.13.7
2026-08-26 23:43:49 App is up to date.
2026-08-27 00:13:35 Loaded updated app package S:\OS\Data\Obsidian\obsidian-1.13.7.asar
2026-08-27 00:13:35 Checking for update using Github
2026-08-27 00:13:35 Success.
2026-08-27 00:13:35 Latest version is 1.13.7
2026-08-27 00:13:35 App is up to date.
2026-08-27 00:14:10 Loaded updated app package S:\OS\Data\Obsidian\obsidian-1.13.7.asar
2026-08-27 00:14:10 Checking for update using Github
2026-08-27 00:14:10 Success.
2026-08-27 00:14:10 Latest version is 1.13.7
2026-08-27 00:14:10 App is up to date.
